  =================
   Message Summary
  =================
-------------------------------------------------------------------------------------------------------------
|   Id    |  Sev   |Count |                                  Message Text                                   |
-------------------------------------------------------------------------------------------------------------
| CFM-1   |Info    |    1 |Wrote dofile.                                                                    |
| CFM-5   |Info    |    1 |Wrote formal verification information.                                           |
| CPI-506 |Warning |    1 |Command 'commit_power_intent' cannot proceed as there is no power intent loaded. |
| RPT-16  |Info    |    1 |Joules engine is used.                                                           |
| SYNTH-5 |Info    |    1 |Done mapping.                                                                    |
-------------------------------------------------------------------------------------------------------------
